
viki7@DESKTOP-7KEH4DU MINGW64 ~/Desktop/training/session10-angular
$ npm --version
6.14.11

viki7@DESKTOP-7KEH4DU MINGW64 ~/Desktop/training/session10-angular
$ npm i @angular/cli -g
npm WARN deprecated request@2.88.2: request has been deprecated, see https://github.com/request/request/issues/3142
npm WARN deprecated har-validator@5.1.5: this library is no longer supported
C:\Users\viki7\AppData\Roaming\npm\ng -> C:\Users\viki7\AppData\Roaming\npm\node_modules\@angular\cli\bin\ng

> @angular/cli@11.2.6 postinstall C:\Users\viki7\AppData\Roaming\npm\node_modules\@angular\cli
> node ./bin/postinstall/script.js

+ @angular/cli@11.2.6
added 238 packages from 181 contributors in 48.256s

viki7@DESKTOP-7KEH4DU MINGW64 ~/Desktop/training/session10-angular
$ angular --version
bash: angular: command not found

viki7@DESKTOP-7KEH4DU MINGW64 ~/Desktop/training/session10-angular
$ ng --version

     _                      _                 ____ _     ___
    / \   _ __   __ _ _   _| | __ _ _ __     / ___| |   |_ _|
   / △ \ | '_ \ / _` | | | | |/ _` | '__|   | |   | |    | |
  / ___ \| | | | (_| | |_| | | (_| | |      | |___| |___ | |
 /_/   \_\_| |_|\__, |\__,_|_|\__,_|_|       \____|_____|___|
                |___/


Angular CLI: 11.2.6
Node: 14.16.0
OS: win32 x64

Angular:
...
Ivy Workspace:

Package                      Version
------------------------------------------------------
@angular-devkit/architect    0.1102.6 (cli-only)
@angular-devkit/core         11.2.6 (cli-only)
@angular-devkit/schematics   11.2.6 (cli-only)
@schematics/angular          11.2.6 (cli-only)
@schematics/update           0.1102.6 (cli-only)


viki7@DESKTOP-7KEH4DU MINGW64 ~/Desktop/training/session10-angular
$ ng new angular-training
CREATE angular-training/angular.json (3615 bytes)
CREATE angular-training/package.json (1206 bytes)
CREATE angular-training/README.md (1024 bytes)
CREATE angular-training/tsconfig.json (538 bytes)
CREATE angular-training/tslint.json (3185 bytes)
CREATE angular-training/.editorconfig (274 bytes)
CREATE angular-training/.gitignore (631 bytes)
CREATE angular-training/.browserslistrc (703 bytes)
CREATE angular-training/karma.conf.js (1433 bytes)
CREATE angular-training/tsconfig.app.json (287 bytes)
CREATE angular-training/tsconfig.spec.json (333 bytes)
CREATE angular-training/src/favicon.ico (948 bytes)
CREATE angular-training/src/index.html (301 bytes)
CREATE angular-training/src/main.ts (372 bytes)
CREATE angular-training/src/polyfills.ts (2830 bytes)
CREATE angular-training/src/styles.css (80 bytes)
CREATE angular-training/src/test.ts (753 bytes)
CREATE angular-training/src/assets/.gitkeep (0 bytes)
CREATE angular-training/src/environments/environment.prod.ts (51 bytes)
CREATE angular-training/src/environments/environment.ts (662 bytes)
CREATE angular-training/src/app/app.module.ts (314 bytes)
CREATE angular-training/src/app/app.component.html (24923 bytes)
CREATE angular-training/src/app/app.component.spec.ts (970 bytes)
CREATE angular-training/src/app/app.component.ts (220 bytes)
CREATE angular-training/src/app/app.component.css (0 bytes)
CREATE angular-training/e2e/protractor.conf.js (904 bytes)
CREATE angular-training/e2e/tsconfig.json (274 bytes)
CREATE angular-training/e2e/src/app.e2e-spec.ts (667 bytes)
CREATE angular-training/e2e/src/app.po.ts (274 bytes)
- Installing packages (npm)...
√ Packages installed successfully.
warning: LF will be replaced by CRLF in .browserslistrc.
The file will have its original line endings in your working directory
warning: LF will be replaced by CRLF in .editorconfig.
The file will have its original line endings in your working directory
warning: LF will be replaced by CRLF in .gitignore.
The file will have its original line endings in your working directory
warning: LF will be replaced by CRLF in README.md.
The file will have its original line endings in your working directory
warning: LF will be replaced by CRLF in angular.json.
The file will have its original line endings in your working directory
warning: LF will be replaced by CRLF in e2e/protractor.conf.js.
The file will have its original line endings in your working directory
warning: LF will be replaced by CRLF in e2e/src/app.e2e-spec.ts.
The file will have its original line endings in your working directory
warning: LF will be replaced by CRLF in e2e/src/app.po.ts.
The file will have its original line endings in your working directory
warning: LF will be replaced by CRLF in e2e/tsconfig.json.
The file will have its original line endings in your working directory
warning: LF will be replaced by CRLF in karma.conf.js.
The file will have its original line endings in your working directory
warning: LF will be replaced by CRLF in package-lock.json.
The file will have its original line endings in your working directory
warning: LF will be replaced by CRLF in package.json.
The file will have its original line endings in your working directory
warning: LF will be replaced by CRLF in src/app/app.component.html.
The file will have its original line endings in your working directory
warning: LF will be replaced by CRLF in src/app/app.component.spec.ts.
The file will have its original line endings in your working directory
warning: LF will be replaced by CRLF in src/app/app.component.ts.
The file will have its original line endings in your working directory
warning: LF will be replaced by CRLF in src/app/app.module.ts.
The file will have its original line endings in your working directory
warning: LF will be replaced by CRLF in src/environments/environment.prod.ts.
The file will have its original line endings in your working directory
warning: LF will be replaced by CRLF in src/environments/environment.ts.
The file will have its original line endings in your working directory
warning: LF will be replaced by CRLF in src/index.html.
The file will have its original line endings in your working directory
warning: LF will be replaced by CRLF in src/main.ts.
The file will have its original line endings in your working directory
warning: LF will be replaced by CRLF in src/polyfills.ts.
The file will have its original line endings in your working directory
warning: LF will be replaced by CRLF in src/styles.css.
The file will have its original line endings in your working directory
warning: LF will be replaced by CRLF in src/test.ts.
The file will have its original line endings in your working directory
warning: LF will be replaced by CRLF in tsconfig.app.json.
The file will have its original line endings in your working directory
warning: LF will be replaced by CRLF in tsconfig.json.
The file will have its original line endings in your working directory
warning: LF will be replaced by CRLF in tsconfig.spec.json.
The file will have its original line endings in your working directory
warning: LF will be replaced by CRLF in tslint.json.
The file will have its original line endings in your working directory
Author identity unknown

*** Please tell me who you are.

Run

  git config --global user.email "you@example.com"
  git config --global user.name "Your Name"

to set your account's default identity.
Omit --global to set the identity only in this repository.

fatal: unable to auto-detect email address (got 'viki7@DESKTOP-7KEH4DU.(none)')

viki7@DESKTOP-7KEH4DU MINGW64 ~/Desktop/training/session10-angular
$ 


viki7@DESKTOP-7KEH4DU MINGW64 ~/Desktop/training/session10-angular/angular-training (master)
$ code .

viki7@DESKTOP-7KEH4DU MINGW64 ~/Desktop/training/session10-angular/angular-training (master)
$ ng s -o
Compiling @angular/core : es2015 as esm2015
Compiling @angular/common : es2015 as esm2015
Compiling @angular/platform-browser : es2015 as esm2015
Compiling @angular/platform-browser-dynamic : es2015 as esm2015
- Generating browser application bundles...
√ Browser application bundle generation complete.

Initial Chunk Files   | Names         |      Size
vendor.js             | vendor        |   2.43 MB
polyfills.js          | polyfills     | 475.07 kB
styles.css, styles.js | styles        | 347.11 kB
main.js               | main          |  55.27 kB
runtime.js            | runtime       |   6.15 kB

| Initial Total |   3.30 MB

Build at: 2021-03-30T08:36:45.860Z - Hash: 6d5681a7df4c2e9e56ea - Time: 53659ms

** Angular Live Development Server is listening on localhost:4200, open your browser on http://localhost:4200/ **


√ Compiled successfully.
- Generating browser application bundles...
√ Browser application bundle generation complete.

Initial Chunk Files   | Names  |      Size
styles.css, styles.js | styles | 347.11 kB

4 unchanged chunks

Build at: 2021-03-30T08:36:49.083Z - Hash: ce3fab51c8bee6e0962d - Time: 2073ms

√ Compiled successfully.




viki7@DESKTOP-7KEH4DU MINGW64 ~/Desktop/training/session10-angular/angular-training (master)
$ ng g c components/header
CREATE src/app/components/header/header.component.html (21 bytes)
CREATE src/app/components/header/header.component.spec.ts (626 bytes)
CREATE src/app/components/header/header.component.ts (275 bytes)
CREATE src/app/components/header/header.component.css (0 bytes)
UPDATE src/app/app.module.ts (550 bytes)
- Generating browser application bundles...

viki7@DESKTOP-7KEH4DU MINGW64 ~/Desktop/training/session10-angular/angular-training (master)
$ √ Browser application bundle generation complete.

Initial Chunk Files | Names |     Size
main.js             | main  | 11.98 kB

4 unchanged chunks

Build at: 2021-03-30T12:05:12.861Z - Hash: 6aeedc67f290007ced61 - Time: 730ms

√ Compiled successfully.
^C

viki7@DESKTOP-7KEH4DU MINGW64 ~/Desktop/training/session10-angular/angular-training (master)
$ ng g c components/navbar
CREATE src/app/components/navbar/navbar.component.html (21 bytes)
CREATE src/app/components/navbar/navbar.component.spec.ts (626 bytes)
CREATE src/app/components/navbar/navbar.component.ts (275 bytes)
CREATE src/app/components/navbar/navbar.component.css (0 bytes)
UPDATE src/app/app.module.ts (643 bytes)
- Generating browser application bundles...

viki7@DESKTOP-7KEH4DU MINGW64 ~/Desktop/training/session10-angular/angular-training (master)
$ √ Browser application bundle generation complete.

Initial Chunk Files | Names |     Size
main.js             | main  | 13.67 kB

4 unchanged chunks

Build at: 2021-03-30T12:05:48.115Z - Hash: bfd320dd6598a6855ba2 - Time: 1499ms

√ Compiled successfully.
^C

viki7@DESKTOP-7KEH4DU MINGW64 ~/Desktop/training/session10-angular/angular-training (master)
$ ng g c components/sidebar
CREATE src/app/components/sidebar/sidebar.component.html (22 bytes)
CREATE src/app/components/sidebar/sidebar.component.spec.ts (633 bytes)
CREATE src/app/components/sidebar/sidebar.component.ts (279 bytes)
CREATE src/app/components/sidebar/sidebar.component.css (0 bytes)
UPDATE src/app/app.module.ts (740 bytes)
- Generating browser application bundles...

viki7@DESKTOP-7KEH4DU MINGW64 ~/Desktop/training/session10-angular/angular-training (master)
$ √ Browser application bundle generation complete.

Initial Chunk Files | Names |     Size
main.js             | main  | 15.39 kB

4 unchanged chunks

Build at: 2021-03-30T12:06:10.262Z - Hash: e36f914a1552304a69d5 - Time: 1083ms

√ Compiled successfully.
^C

viki7@DESKTOP-7KEH4DU MINGW64 ~/Desktop/training/session10-angular/angular-training (master)
$ ng g c components/main
CREATE src/app/components/main/main.component.html (19 bytes)
CREATE src/app/components/main/main.component.spec.ts (612 bytes)
CREATE src/app/components/main/main.component.ts (267 bytes)
CREATE src/app/components/main/main.component.css (0 bytes)
UPDATE src/app/app.module.ts (825 bytes)
- Generating browser application bundles...

viki7@DESKTOP-7KEH4DU MINGW64 ~/Desktop/training/session10-angular/angular-training (master)
$ √ Browser application bundle generation complete.

Initial Chunk Files | Names |     Size
main.js             | main  | 17.04 kB

4 unchanged chunks

Build at: 2021-03-30T12:06:42.382Z - Hash: 5b7bfacdb2339a70af9d - Time: 1161ms

√ Compiled successfully.
^C

viki7@DESKTOP-7KEH4DU MINGW64 ~/Desktop/training/session10-angular/angular-training (master)
$ ng g c components/footer
CREATE src/app/components/footer/footer.component.html (21 bytes)
CREATE src/app/components/footer/footer.component.spec.ts (626 bytes)
CREATE src/app/components/footer/footer.component.ts (275 bytes)
CREATE src/app/components/footer/footer.component.css (0 bytes)
UPDATE src/app/app.module.ts (918 bytes)

viki7@DESKTOP-7KEH4DU MINGW64 ~/Desktop/training/session10-angular/angular-training (master)
$ - Generating browser application bundles...
√ Browser application bundle generation complete.

Initial Chunk Files | Names |     Size
main.js             | main  | 18.73 kB

4 unchanged chunks

Build at: 2021-03-30T12:06:59.099Z - Hash: 47c4ad7c0f6b93b7e85a - Time: 547ms

√ Compiled successfully.
^C

viki7@DESKTOP-7KEH4DU MINGW64 ~/Desktop/training/session10-angular/angular-training (master)
$ npm i bootsrap@4.6

viki7@DESKTOP-7KEH4DU MINGW64 ~/Desktop/training/session10-angular/angular-training (master)
$ npm i bootstrap@4.6
npm WARN bootstrap@4.6.0 requires a peer of jquery@1.9.1 - 3 but none is installed. You must install peer dependencies yourself.
npm WARN bootstrap@4.6.0 requires a peer of popper.js@^1.16.1 but none is installed. You must install peer dependencies yourself.
npm WARN optional SKIPPING OPTIONAL DEPENDENCY: fsevents@2.3.2 (node_modules\fsevents):
npm WARN notsup SKIPPING OPTIONAL DEPENDENCY: Unsupported platform for fsevents@2.3.2: wanted {"os":"darwin","arch":"any"} (current: {"os":"win32","arch":"x64"})
npm WARN optional SKIPPING OPTIONAL DEPENDENCY: fsevents@1.2.13 (node_modules\watchpack-chokidar2\node_modules\fsevents):
npm WARN notsup SKIPPING OPTIONAL DEPENDENCY: Unsupported platform for fsevents@1.2.13: wanted {"os":"darwin","arch":"any"} (current: {"os":"win32","arch":"x64"})
npm WARN optional SKIPPING OPTIONAL DEPENDENCY: fsevents@1.2.13 (node_modules\webpack-dev-server\node_modules\fsevents):
npm WARN notsup SKIPPING OPTIONAL DEPENDENCY: Unsupported platform for fsevents@1.2.13: wanted {"os":"darwin","arch":"any"} (current: {"os":"win32","arch":"x64"})

+ bootstrap@4.6.0
added 1 package from 2 contributors, removed 1 package and audited 1616 packages in 33.179s

96 packages are looking for funding
  run `npm fund` for details

found 0 vulnerabilities
